// Jest Snapshot v1, https://goo.gl/fbAQLP

exports[`Puruebas en <GifExpertApp /> should match initial snapshot 1`] = `
<div>
  <h1>
    GifExpertApp
  </h1>
  <form
    aria-label="form"
  >
    <input
      placeholder="Buscar gifs"
      type="text"
      value=""
    />
  </form>
  <h3>
    Greys Anatomy
  </h3>
  <button
    class="btn-delete"
  >
    Delete
  </button>
  <h2>
    Cargando...
  </h2>
  <div
    class="card-grid"
  />
</div>
`;
